// Jest Snapshot v1, https://goo.gl/fbAQLP

exports[`ItemsList passes items and merged filter actions from store 1`] = `
<Component
  filterAll={[Function]}
  filterComplete={[Function]}
  filterIncomplete={[Function]}
  items={
    Array [
      1,
      2,
      3,
    ]
  }
  removeTodo={[Function]}
  setFilter={[Function]}
  store={
    Object {
      "clearActions": [Function],
      "dispatch": [Function],
      "getActions": [Function],
      "getState": [Function],
      "replaceReducer": [Function],
      "subscribe": [Function],
    }
  }
  storeSubscription={
    Subscription {
      "listeners": Object {
        "clear": [Function],
        "get": [Function],
        "notify": [Function],
        "subscribe": [Function],
      },
      "onStateChange": [Function],
      "parentSub": undefined,
      "store": Object {
        "clearActions": [Function],
        "dispatch": [Function],
        "getActions": [Function],
        "getState": [Function],
        "replaceReducer": [Function],
        "subscribe": [Function],
      },
      "unsubscribe": [Function],
    }
  }
  toggleTodoComplete={[Function]}
/>
`;

exports[`ItemsList renders filter button and correct handlers 1`] = `
<div>
  <ul
    className="filterList_actionBar"
  >
    <li>
      <FilterButton
        onClick={[Function]}
      >
        Show all
      </FilterButton>
    </li>
    <li>
      <FilterButton
        onClick={[Function]}
      >
        Show complete
      </FilterButton>
    </li>
    <li>
      <FilterButton
        onClick={[Function]}
      >
        Show incomplete
      </FilterButton>
    </li>
  </ul>
  <ul
    className="itemsList-ul"
  >
    <p
      id="items-missing"
    >
      Add some tasks above.
    </p>
  </ul>
</div>
`;
